
> swp@1.0.0 test
> node newman/run.js

--- CoWork Space API Test Runner ---
Seeding users...
Running Newman...
newman

CoWork Space API

Γûí 1. Setup - Register & Login
Γöö Register User
  POST http://localhost:5000/api/v1/auth/register [400 Bad Request, 293B, 195ms]
  ΓêÜ  Register succeeds or user exists

Γöö Register Admin
  POST http://localhost:5000/api/v1/auth/register [400 Bad Request, 293B, 249ms]
  ΓêÜ  Register admin or already exists

Γöö Login User
  POST http://localhost:5000/api/v1/auth/login [200 OK, 714B, 158ms]
  ΓêÜ  User login 200
  ΓêÜ  Has token

Γöö Login Admin
  POST http://localhost:5000/api/v1/auth/login [200 OK, 714B, 166ms]
  ΓêÜ  Admin login 200
  ΓêÜ  Has admin token

Γöö Get Me
  GET http://localhost:5000/api/v1/auth/me [200 OK, 458B, 78ms]
  ΓêÜ  Status 200
  ΓêÜ  Returns user

Γöö Logout
  GET http://localhost:5000/api/v1/auth/logout [200 OK, 374B, 44ms]
  ΓêÜ  Logout 200
  ΓêÜ  Success

Γöö Login User (re-login after logout)
  POST http://localhost:5000/api/v1/auth/login [200 OK, 714B, 155ms]
  ΓêÜ  Re-login 200

Γûí 2. Admin - Manage Spaces
Γöö Create Space (Admin)
  POST http://localhost:5000/api/v1/coworkingSpaces [500 Internal Server Error, 1.94kB, 53ms]
  1. Create space 201
  2. Space data returned

Γöö Update Space (Admin)
  PUT http://localhost:5000/api/v1/coworkingSpaces/ [404 Not Found, 466B, 4ms]
  3. Update space 200
  4. Updated

Γöö Toggle Space Visibility
  PATCH http://localhost:5000/api/v1/coworkingSpaces//visibility [404 Not Found, 479B, 3ms]
  5. Status 200
  6. Returns visibility

Γöö Restore Space Visibility
  PATCH http://localhost:5000/api/v1/coworkingSpaces//visibility [404 Not Found, 479B, 2ms]
  7. Status 200
  8. Visible again

Γûí 2.1 Requests & Reviews
Γöö Submit Space Request (User)
  POST http://localhost:5000/api/v1/coworkingSpaceRequests [201 Created, 766B, 4.1s]
  ΓêÜ  Status 201

Γöö Get All Requests (Admin)
  GET http://localhost:5000/api/v1/coworkingSpaceRequests/all [200 OK, 2.42kB, 155ms]
  ΓêÜ  Status 200

Γöö Review Request (Admin Approve)
  PATCH http://localhost:5000/api/v1/coworkingSpaceRequests/69e451b0d4b0dd8389c7c932/review [500 Internal Server Error, 405B, 242ms]
  9. Status 200
 10. Approved

Γûí 2.2 Room Management
Γöö Create Room (Admin)
  POST http://localhost:5000/api/v1/coworkingSpaces//rooms [404 Not Found, 473B, 3ms]
 11. Status 201
 12Γáä JSONError in test-script

Γöö Update Room
  PUT http://localhost:5000/api/v1/rooms/ [404 Not Found, 456B, 3ms]
 13. Status 200

Γöö Delete Room
  DELETE http://localhost:5000/api/v1/rooms/ [404 Not Found, 459B, 3ms]
 14. Status 200

Γûí 3. Public - Browse Spaces
Γöö Get All Spaces (Public, no auth)
  GET http://localhost:5000/api/v1/coworkingSpaces [200 OK, 10.6kB, 126ms]
  ΓêÜ  Status 200
  ΓêÜ  Returns spaces array

Γöö Get Single Space (Public)
  GET http://localhost:5000/api/v1/coworkingSpaces/ [200 OK, 10.6kB, 129ms]
  ΓêÜ  Status 200
 15. Space data

Γûí 4. Reservations CRUD
Γöö Create Reservation
  POST http://localhost:5000/api/v1/coworkingSpaces//reservations [404 Not Found, 480B, 5ms]
 16. Status 200
 17. Has QR code

Γöö Get All Reservations (User sees own only)
  GET http://localhost:5000/api/v1/reservations [200 OK, 319B, 149ms]
  ΓêÜ  Status 200
  ΓêÜ  Returns array

Γöö Get Single Reservation
  GET http://localhost:5000/api/v1/reservations/ [200 OK, 319B, 115ms]
  ΓêÜ  Status 200
 18. Has apptDate

Γöö Update Reservation (User)
  PUT http://localhost:5000/api/v1/reservations/ [404 Not Found, 463B, 2ms]
 19. Status 200
 20. Updated

Γöö Get All Reservations (Admin sees all)
  GET http://localhost:5000/api/v1/reservations [200 OK, 9.55kB, 153ms]
  ΓêÜ  Status 200
  ΓêÜ  Admin sees all

Γöö Delete Reservation (User)
  DELETE http://localhost:5000/api/v1/reservations/ [404 Not Found, 466B, 2ms]
 21. Status 200
 22. Deleted

Γûí 5. Extra Credit
Γöö AI Recommend
  POST http://localhost:5000/api/v1/recommend [502 Bad Gateway, 393B, 503ms]
  ΓêÜ  Has recommendation

Γöö Unauthorized Access (no token)
  GET http://localhost:5000/api/v1/reservations [401 Unauthorized, 341B, 3ms]
  ΓêÜ  Status 401
  ΓêÜ  Access denied

Γûí 6. Cleanup
Γöö Delete Space (Admin)
  DELETE http://localhost:5000/api/v1/coworkingSpaces/ [404 Not Found, 469B, 2ms]
 23. Status 200
 24. Deleted

ΓöîΓöÇΓöÇΓöÇΓöÇΓöÇΓöÇΓöÇΓöÇΓöÇΓöÇΓöÇΓöÇΓöÇΓöÇΓöÇΓöÇΓöÇΓöÇΓöÇΓöÇΓöÇΓöÇΓöÇΓöÇΓöÇΓö¼ΓöÇΓöÇΓöÇΓöÇΓöÇΓöÇΓöÇΓöÇΓöÇΓöÇΓöÇΓöÇΓöÇΓöÇΓöÇΓöÇΓöÇΓöÇΓöÇΓö¼ΓöÇΓöÇΓöÇΓöÇΓöÇΓöÇΓöÇΓöÇΓöÇΓöÇΓöÇΓöÇΓöÇΓöÇΓöÇΓöÇΓöÇΓöÇΓöÇΓöÉ
Γöé                         Γöé          executed Γöé            failed Γöé
Γö£ΓöÇΓöÇΓöÇΓöÇΓöÇΓöÇΓöÇΓöÇΓöÇΓöÇΓöÇΓöÇΓöÇΓöÇΓöÇΓöÇΓöÇΓöÇΓöÇΓöÇΓöÇΓöÇΓöÇΓöÇΓöÇΓö╝ΓöÇΓöÇΓöÇΓöÇΓöÇΓöÇΓöÇΓöÇΓöÇΓöÇΓöÇΓöÇΓöÇΓöÇΓöÇΓöÇΓöÇΓöÇΓöÇΓö╝ΓöÇΓöÇΓöÇΓöÇΓöÇΓöÇΓöÇΓöÇΓöÇΓöÇΓöÇΓöÇΓöÇΓöÇΓöÇΓöÇΓöÇΓöÇΓöÇΓöñ
Γöé              iterations Γöé                 1 Γöé                 0 Γöé
Γö£ΓöÇΓöÇΓöÇΓöÇΓöÇΓöÇΓöÇΓöÇΓöÇΓöÇΓöÇΓöÇΓöÇΓöÇΓöÇΓöÇΓöÇΓöÇΓöÇΓöÇΓöÇΓöÇΓöÇΓöÇΓöÇΓö╝ΓöÇΓöÇΓöÇΓöÇΓöÇΓöÇΓöÇΓöÇΓöÇΓöÇΓöÇΓöÇΓöÇΓöÇΓöÇΓöÇΓöÇΓöÇΓöÇΓö╝ΓöÇΓöÇΓöÇΓöÇΓöÇΓöÇΓöÇΓöÇΓöÇΓöÇΓöÇΓöÇΓöÇΓöÇΓöÇΓöÇΓöÇΓöÇΓöÇΓöñ
Γöé                requests Γöé                28 Γöé                 0 Γöé
Γö£ΓöÇΓöÇΓöÇΓöÇΓöÇΓöÇΓöÇΓöÇΓöÇΓöÇΓöÇΓöÇΓöÇΓöÇΓöÇΓöÇΓöÇΓöÇΓöÇΓöÇΓöÇΓöÇΓöÇΓöÇΓöÇΓö╝ΓöÇΓöÇΓöÇΓöÇΓöÇΓöÇΓöÇΓöÇΓöÇΓöÇΓöÇΓöÇΓöÇΓöÇΓöÇΓöÇΓöÇΓöÇΓöÇΓö╝ΓöÇΓöÇΓöÇΓöÇΓöÇΓöÇΓöÇΓöÇΓöÇΓöÇΓöÇΓöÇΓöÇΓöÇΓöÇΓöÇΓöÇΓöÇΓöÇΓöñ
Γöé            test-scripts Γöé                28 Γöé                 1 Γöé
Γö£ΓöÇΓöÇΓöÇΓöÇΓöÇΓöÇΓöÇΓöÇΓöÇΓöÇΓöÇΓöÇΓöÇΓöÇΓöÇΓöÇΓöÇΓöÇΓöÇΓöÇΓöÇΓöÇΓöÇΓöÇΓöÇΓö╝ΓöÇΓöÇΓöÇΓöÇΓöÇΓöÇΓöÇΓöÇΓöÇΓöÇΓöÇΓöÇΓöÇΓöÇΓöÇΓöÇΓöÇΓöÇΓöÇΓö╝ΓöÇΓöÇΓöÇΓöÇΓöÇΓöÇΓöÇΓöÇΓöÇΓöÇΓöÇΓöÇΓöÇΓöÇΓöÇΓöÇΓöÇΓöÇΓöÇΓöñ
Γöé      prerequest-scripts Γöé                 2 Γöé                 0 Γöé
Γö£ΓöÇΓöÇΓöÇΓöÇΓöÇΓöÇΓöÇΓöÇΓöÇΓöÇΓöÇΓöÇΓöÇΓöÇΓöÇΓöÇΓöÇΓöÇΓöÇΓöÇΓöÇΓöÇΓöÇΓöÇΓöÇΓö╝ΓöÇΓöÇΓöÇΓöÇΓöÇΓöÇΓöÇΓöÇΓöÇΓöÇΓöÇΓöÇΓöÇΓöÇΓöÇΓöÇΓöÇΓöÇΓöÇΓö╝ΓöÇΓöÇΓöÇΓöÇΓöÇΓöÇΓöÇΓöÇΓöÇΓöÇΓöÇΓöÇΓöÇΓöÇΓöÇΓöÇΓöÇΓöÇΓöÇΓöñ
Γöé              assertions Γöé                47 Γöé                23 Γöé
Γö£ΓöÇΓöÇΓöÇΓöÇΓöÇΓöÇΓöÇΓöÇΓöÇΓöÇΓöÇΓöÇΓöÇΓöÇΓöÇΓöÇΓöÇΓöÇΓöÇΓöÇΓöÇΓöÇΓöÇΓöÇΓöÇΓö┤ΓöÇΓöÇΓöÇΓöÇΓöÇΓöÇΓöÇΓöÇΓöÇΓöÇΓöÇΓöÇΓöÇΓöÇΓöÇΓöÇΓöÇΓöÇΓöÇΓö┤ΓöÇΓöÇΓöÇΓöÇΓöÇΓöÇΓöÇΓöÇΓöÇΓöÇΓöÇΓöÇΓöÇΓöÇΓöÇΓöÇΓöÇΓöÇΓöÇΓöñ
Γöé total run duration: 23.8s                                       Γöé
Γö£ΓöÇΓöÇΓöÇΓöÇΓöÇΓöÇΓöÇΓöÇΓöÇΓöÇΓöÇΓöÇΓöÇΓöÇΓöÇΓöÇΓöÇΓöÇΓöÇΓöÇΓöÇΓöÇΓöÇΓöÇΓöÇΓöÇΓöÇΓöÇΓöÇΓöÇΓöÇΓöÇΓöÇΓöÇΓöÇΓöÇΓöÇΓöÇΓöÇΓöÇΓöÇΓöÇΓöÇΓöÇΓöÇΓöÇΓöÇΓöÇΓöÇΓöÇΓöÇΓöÇΓöÇΓöÇΓöÇΓöÇΓöÇΓöÇΓöÇΓöÇΓöÇΓöÇΓöÇΓöÇΓöÇΓöñ
Γöé total data received: 37.09kB (approx)                           Γöé
Γö£ΓöÇΓöÇΓöÇΓöÇΓöÇΓöÇΓöÇΓöÇΓöÇΓöÇΓöÇΓöÇΓöÇΓöÇΓöÇΓöÇΓöÇΓöÇΓöÇΓöÇΓöÇΓöÇΓöÇΓöÇΓöÇΓöÇΓöÇΓöÇΓöÇΓöÇΓöÇΓöÇΓöÇΓöÇΓöÇΓöÇΓöÇΓöÇΓöÇΓöÇΓöÇΓöÇΓöÇΓöÇΓöÇΓöÇΓöÇΓöÇΓöÇΓöÇΓöÇΓöÇΓöÇΓöÇΓöÇΓöÇΓöÇΓöÇΓöÇΓöÇΓöÇΓöÇΓöÇΓöÇΓöÇΓöñ
Γöé average response time: 243ms [min: 2ms, max: 4.1s, s.d.: 750ms] Γöé
ΓööΓöÇΓöÇΓöÇΓöÇΓöÇΓöÇΓöÇΓöÇΓöÇΓöÇΓöÇΓöÇΓöÇΓöÇΓöÇΓöÇΓöÇΓöÇΓöÇΓöÇΓöÇΓöÇΓöÇΓöÇΓöÇΓöÇΓöÇΓöÇΓöÇΓöÇΓöÇΓöÇΓöÇΓöÇΓöÇΓöÇΓöÇΓöÇΓöÇΓöÇΓöÇΓöÇΓöÇΓöÇΓöÇΓöÇΓöÇΓöÇΓöÇΓöÇΓöÇΓöÇΓöÇΓöÇΓöÇΓöÇΓöÇΓöÇΓöÇΓöÇΓöÇΓöÇΓöÇΓöÇΓöÇΓöÿ

[31m   # [39m[31m failure        [39m[31m detail                                                           [39m
[90m     [39m[90m                [39m[90m                                                                  [39m
 01.  AssertionError  Create space 201                                                 
                      expected 500 to be one of [ 200, 201 ]                           
                      at assertion:0 in test-script                                    
                      inside "2. Admin - Manage Spaces / Create Space (Admin)"         
[90m     [39m[90m                [39m[90m                                                                  [39m
 02.  JSONError       Space data returned                                              
                      Unexpected token '<' at 1:1                                      
                      <!DOCTYPE html>                                                  
                      ^                                                                
                      at assertion:1 in test-script                                    
                      inside "2. Admin - Manage Spaces / Create Space (Admin)"         
[90m     [39m[90m                [39m[90m                                                                  [39m
 03.  AssertionError  Update space 200                                                 
                      expected response to have status code 200 but got 404            
                      at assertion:0 in test-script                                    
                      inside "2. Admin - Manage Spaces / Update Space (Admin)"         
[90m     [39m[90m                [39m[90m                                                                  [39m
 04.  JSONError       Updated                                                          
                      Unexpected token '<' at 1:1                                      
                      <!DOCTYPE html>                                                  
                      ^                                                                
                      at assertion:1 in test-script                                    
                      inside "2. Admin - Manage Spaces / Update Space (Admin)"         
[90m     [39m[90m                [39m[90m                                                                  [39m
 05.  AssertionError  Status 200                                                       
                      expected response to have status code 200 but got 404            
                      at assertion:0 in test-script                                    
                      inside "2. Admin - Manage Spaces / Toggle Space Visibility"      
[90m     [39m[90m                [39m[90m                                                                  [39m
 06.  JSONError       Returns visibility                                               
                      Unexpected token '<' at 1:1                                      
                      <!DOCTYPE html>                                                  
                      ^                                                                
                      at assertion:1 in test-script                                    
                      inside "2. Admin - Manage Spaces / Toggle Space Visibility"      
[90m     [39m[90m                [39m[90m                                                                  [39m
 07.  AssertionError  Status 200                                                       
                      expected response to have status code 200 but got 404            
                      at assertion:0 in test-script                                    
                      inside "2. Admin - Manage Spaces / Restore Space Visibility"     
[90m     [39m[90m                [39m[90m                                                                  [39m
 08.  JSONError       Visible again                                                    
                      Unexpected token '<' at 1:1                                      
                      <!DOCTYPE html>                                                  
                      ^                                                                
                      at assertion:1 in test-script                                    
                      inside "2. Admin - Manage Spaces / Restore Space Visibility"     
[90m     [39m[90m                [39m[90m                                                                  [39m
 09.  AssertionError  Status 200                                                       
                      expected response to have status code 200 but got 500            
                      at assertion:0 in test-script                                    
                      inside "2.1 Requests & Reviews / Review Request (Admin Approve)" 
[90m     [39m[90m                [39m[90m                                                                  [39m
 10.  TypeError       Approved                                                         
                      Cannot read properties of undefined (reading 'status')           
                      at assertion:1 in test-script                                    
                      inside "2.1 Requests & Reviews / Review Request (Admin Approve)" 
[90m     [39m[90m                [39m[90m                                                                  [39m
 11.  AssertionError  Status 201                                                       
                      expected response to have status code 201 but got 404            
                      at assertion:0 in test-script                                    
                      inside "2.2 Room Management / Create Room (Admin)"               
[90m     [39m[90m                [39m[90m                                                                  [39m
 12.  JSONError                                                                        
                      Unexpected token '<' at 1:1                                      
                      <!DOCTYPE html>                                                  
                      ^                                                                
                      at test-script                                                   
                      inside "2.2 Room Management / Create Room (Admin)"               
[90m     [39m[90m                [39m[90m                                                                  [39m
 13.  AssertionError  Status 200                                                       
                      expected response to have status code 200 but got 404            
                      at assertion:0 in test-script                                    
                      inside "2.2 Room Management / Update Room"                       
[90m     [39m[90m                [39m[90m                                                                  [39m
 14.  AssertionError  Status 200                                                       
                      expected response to have status code 200 but got 404            
                      at assertion:0 in test-script                                    
                      inside "2.2 Room Management / Delete Room"                       
[90m     [39m[90m                [39m[90m                                                                  [39m
 15.  AssertionError  Space data                                                       
                      expected undefined to be a string                                
                      at assertion:1 in test-script                                    
                      inside "3. Public - Browse Spaces / Get Single Space (Public)"   
[90m     [39m[90m                [39m[90m                                                                  [39m
 16.  AssertionError  Status 200                                                       
                      expected response to have status code 200 but got 404            
                      at assertion:0 in test-script                                    
                      inside "4. Reservations CRUD / Create Reservation"               
[90m     [39m[90m                [39m[90m                                                                  [39m
 17.  JSONError       Has QR code                                                      
                      Unexpected token '<' at 1:1                                      
                      <!DOCTYPE html>                                                  
                      ^                                                                
                      at assertion:1 in test-script                                    
                      inside "4. Reservations CRUD / Create Reservation"               
[90m     [39m[90m                [39m[90m                                                                  [39m
 18.  AssertionError  Has apptDate                                                     
                      expected [] to have property 'apptDate'                          
                      at assertion:1 in test-script                                    
                      inside "4. Reservations CRUD / Get Single Reservation"           
[90m     [39m[90m                [39m[90m                                                                  [39m
 19.  AssertionError  Status 200                                                       
                      expected response to have status code 200 but got 404            
                      at assertion:0 in test-script                                    
                      inside "4. Reservations CRUD / Update Reservation (User)"        
[90m     [39m[90m                [39m[90m                                                                  [39m
 20.  JSONError       Updated                                                          
                      Unexpected token '<' at 1:1                                      
                      <!DOCTYPE html>                                                  
                      ^                                                                
                      at assertion:1 in test-script                                    
                      inside "4. Reservations CRUD / Update Reservation (User)"        
[90m     [39m[90m                [39m[90m                                                                  [39m
 21.  AssertionError  Status 200                                                       
                      expected response to have status code 200 but got 404            
                      at assertion:0 in test-script                                    
                      inside "4. Reservations CRUD / Delete Reservation (User)"        
[90m     [39m[90m                [39m[90m                                                                  [39m
 22.  JSONError       Deleted                                                          
                      Unexpected token '<' at 1:1                                      
                      <!DOCTYPE html>                                                  
                      ^                                                                
                      at assertion:1 in test-script                                    
                      inside "4. Reservations CRUD / Delete Reservation (User)"        
[90m     [39m[90m                [39m[90m                                                                  [39m
 23.  AssertionError  Status 200                                                       
                      expected response to have status code 200 but got 404            
                      at assertion:0 in test-script                                    
                      inside "6. Cleanup / Delete Space (Admin)"                       
[90m     [39m[90m                [39m[90m                                                                  [39m
 24.  JSONError       Deleted                                                          
                      Unexpected token '<' at 1:1                                      
                      <!DOCTYPE html>                                                  
                      ^                                                                
                      at assertion:1 in test-script                                    
                      inside "6. Cleanup / Delete Space (Admin)"                       

Γ£ù Tests failed
